[
  {
    "language": "go",
    "package_path": "internal/registry",
    "module_path": "example.com/app",
    "rebuild": {
      "agent_passes": 0.5,
      "rebuild_tokens": 13400,
      "human_days": 0,
      "tier": "ONE_PASS",
      "calibrated": false,
      "drivers": [
        {
          "term": "volume",
          "tokens": 13000,
          "detail": "tokens_est=13000 duplication_pct=0"
        },
        {
          "term": "hidden",
          "tokens": 400,
          "detail": "globals=1 init_funcs=0"
        }
      ]
    },
    "suggestions": [
      "The package is 13000 tokens of non-test source; its volume is 13000 tokens of the rebuild; split the package to shrink it."
    ],
    "metrics": {
      "files": 0,
      "sloc": 0,
      "largest_file_sloc": 0,
      "tokens_est": 13000,
      "tokens_est_with_tests": 0,
      "internal_imports": 0,
      "external_imports": 0,
      "stdlib_imports": 0,
      "fan_in": 0,
      "fan_in_tests": 0,
      "exported_symbols": 0,
      "globals": 1,
      "init_funcs": 0,
      "max_nesting": 0,
      "cognitive_total": 0,
      "cognitive_p90": 0,
      "func_count": 0,
      "dup_blocks": 0,
      "duplication_pct": 0,
      "test_files": 0,
      "test_funcs": 0,
      "has_tests": false,
      "untested_exports": 0,
      "dup_blocks_cross_pkg": null,
      "instability": null,
      "abstractness": null,
      "main_sequence_distance": null,
      "uses_cgo": null,
      "uses_reflect": null,
      "generated_files": null,
      "tokens_est_generated": null,
      "coverage_pct": null,
      "changed_func_cognitive_max": null
    },
    "baseline": {
      "ref": "a1b2c3d",
      "metrics": {
        "files": 0,
        "sloc": 0,
        "largest_file_sloc": 0,
        "tokens_est": 12500,
        "tokens_est_with_tests": 0,
        "internal_imports": 0,
        "external_imports": 0,
        "stdlib_imports": 0,
        "fan_in": 0,
        "fan_in_tests": 0,
        "exported_symbols": 0,
        "globals": 0,
        "init_funcs": 0,
        "max_nesting": 0,
        "cognitive_total": 0,
        "cognitive_p90": 0,
        "func_count": 0,
        "dup_blocks": 0,
        "duplication_pct": 0,
        "test_files": 0,
        "test_funcs": 0,
        "has_tests": false,
        "untested_exports": 0,
        "dup_blocks_cross_pkg": null,
        "instability": null,
        "abstractness": null,
        "main_sequence_distance": null,
        "uses_cgo": null,
        "uses_reflect": null,
        "generated_files": null,
        "tokens_est_generated": null,
        "coverage_pct": null,
        "changed_func_cognitive_max": null
      },
      "tokens_comparable": false
    },
    "violations": [
      {
        "metric": "globals",
        "base": 0,
        "head": 1,
        "limit": "max_delta +0",
        "suggestion": "Pass registry explicitly instead of a package variable.",
        "location": {
          "file": "internal/registry/registry.go",
          "line": 9
        }
      }
    ],
    "warnings": [
      {
        "metric": "tokens_est",
        "base": 12500,
        "head": 13000,
        "limit": "max 16000",
        "suggestion": "at 81% of the 16000 ceiling; plan a split before the next feature."
      }
    ],
    "exemptions": [],
    "passed": false,
    "astimate_version": "",
    "config_version": "thresholds-2026-09-28"
  }
]
